{
  "projectId": "-MYK-de5CLBSrP6xXC0G",
  "subProjectId": "-MYK-de6thIV5gW4fCB-",
  "streamId": "-MYK-de6thIV5gW4fCB-",
  "CRS": "EPSG:1234",
  "unit": "m",
  "profiles": [
    {
      "id": "-MYK-deE2mMhjx_ZkzEU",
      "type": "well",
      "name": "NC2P1",
      "attributes": [],
      "simplified": false,
      "profile": [
        [
          392026,
          5308607,
          -1232
        ],
        [
          392026,
          5308597,
          -1202
        ],
        [
          392026,
          5308587,
          -1172
        ]
      ]
    },
    {
      "id": "-MYK-deHJRkKtnr_pAtN",
      "type": "connection",
      "name": "Oil Production #23",
      "attributes": [],
      "simplified": false,
      "profile": [
        [
          392038.1209,
          5308591.5754,
          -1169.3593
        ],
        [
          392038.1209,
          5308591.5754,
          -1166.3593
        ],
        [
          392039.9676,
          5308592.3435,
          -1166.3593
        ],
        [
          392039.9676,
          5308592.3435,
          -1169.3593
        ],
        [
          392054.7764,
          5308598.5033,
          -1169.3593
        ],
        [
          392054.7764,
          5308598.5033,
          -1166.3593
        ],
        [
          392056.6231,
          5308599.2714,
          -1166.3593
        ],
        [
          392056.6231,
          5308599.2714,
          -1171.5221
        ],
        [
          392056.6231,
          5308599.2714,
          -1171.5221
        ],
        [
          392058.4697,
          5308600.0395,
          -1171.5221
        ]
      ]
    },
    {
      "id": "-MYK-deHJRkKtnr_pAsw",
      "type": "connection",
      "name": "Oil Production #8",
      "attributes": [],
      "simplified": false,
      "profile": [
        [
          392064.3998,
          5308603.5246,
          -1171.5172
        ],
        [
          392068.6417,
          5308606.0111,
          -1172.0272
        ],
        [
          392080.7722,
          5308613.1218,
          -1172.0169
        ],
        [
          392085.4914,
          5308616.3142,
          -1172.0128
        ],
        [
          392087.8838,
          5308618.1288,
          -1172.0106
        ],
        [
          392090.1161,
          5308620.1283,
          -1172.0085
        ],
        [
          392092.9017,
          5308622.9981,
          -1172.0058
        ],
        [
          392094.8354,
          5308625.2913,
          -1172.0038
        ],
        [
          392097.1923,
          5308628.5224,
          -1172.0012
        ],
        [
          392099.2849,
          5308631.9304,
          -1171.9988
        ],
        [
          392101.0967,
          5308635.4959,
          -1171.9965
        ],
        [
          392102.6196,
          5308639.194,
          -1171.9943
        ],
        [
          392103.8231,
          5308643.0079,
          -1171.9923
        ],
        [
          392104.7427,
          5308646.9027,
          -1171.9905
        ],
        [
          392105.2564,
          5308649.8553,
          -1171.9893
        ],
        [
          392105.6541,
          5308654.7121,
          -1171.9875
        ],
        [
          392106.8072,
          5308674.7919,
          -1171.9805
        ],
        [
          392108.8572,
          5308715.9899,
          -1171.9665
        ],
        [
          392115.6571,
          5308862.1647,
          -1171.9577
        ],
        [
          392143.4008,
          5309480.0665,
          -1172.0049
        ],
        [
          392163.8036,
          5309928.749,
          -1171.6528
        ],
        [
          392168.9152,
          5310036.6174,
          -1171.5402
        ],
        [
          392172.7506,
          5310113.6706,
          -1171.4492
        ],
        [
          392175.2206,
          5310158.2836,
          -1171.3973
        ],
        [
          392175.9036,
          5310168.3929,
          -1171.3858
        ],
        [
          392176.6477,
          5310176.2959,
          -1171.3769
        ],
        [
          392177.6587,
          5310181.1839,
          -1171.372
        ],
        [
          392179.152,
          5310185.9543,
          -1171.3695
        ],
        [
          392180.6847,
          5310189.648,
          -1171.3684
        ],
        [
          392183.0078,
          5310194.0739,
          -1171.3675
        ],
        [
          392185.7614,
          5310198.2452,
          -1171.3672
        ],
        [
          392188.9169,
          5310202.1219,
          -1171.3674
        ],
        [
          392191.7258,
          5310204.9683,
          -1171.368
        ],
        [
          392195.528,
          5310208.2408,
          -1171.3691
        ],
        [
          392197.1089,
          5310209.4386,
          -1171.3697
        ],
        [
          392201.2443,
          5310212.1012,
          -1171.3716
        ],
        [
          392213.998,
          5310219.8934,
          -1171.3776
        ],
        [
          392284.7774,
          5310262.233,
          -1171.4095
        ],
        [
          392287.9108,
          5310264.1146,
          -1171.1482
        ]
      ]
    },
    {
      "id": "-MYK-deHJRkKtnr_pAss",
      "type": "connection",
      "name": "Oil Production #7",
      "attributes": [],
      "simplified": false,
      "profile": [
        [
          392296.0941,
          5310268.833,
          -1171.1537
        ],
        [
          392301.0377,
          5310272.0099,
          -1171.4067
        ],
        [
          392336.6795,
          5310294.9148,
          -1171.3987
        ],
        [
          392341.0578,
          5310298.1609,
          -1171.3972
        ],
        [
          392344.1037,
          5310300.7511,
          -1171.3959
        ],
        [
          392348.1696,
          5310305.1625,
          -1171.393
        ],
        [
          392350.0562,
          5310307.4963,
          -1171.3914
        ],
        [
          392354.0874,
          5310313.4933,
          -1171.3869
        ],
        [
          392397.8874,
          5310380.2214,
          -1171.3142
        ],
        [
          392574.5394,
          5310650.6221,
          -1171.371
        ],
        [
          392670.6206,
          5310797.8249,
          -1171.1362
        ],
        [
          392880.1364,
          5311118.8861,
          -1171.1551
        ],
        [
          392945.0232,
          5311218.3223,
          -1170.9398
        ],
        [
          393041.8734,
          5311366.7364,
          -1171.1187
        ],
        [
          393338.333,
          5311820.9474,
          -1171.0024
        ],
        [
          393402.7771,
          5311919.6556,
          -1170.7012
        ],
        [
          393498.0107,
          5312065.4978,
          -1170.5735
        ],
        [
          393585.9422,
          5312200.1238,
          -1170.0493
        ],
        [
          393725.6827,
          5312413.9834,
          -1169.8148
        ],
        [
          393768.5939,
          5312479.6274,
          -1169.4365
        ],
        [
          393797.8745,
          5312524.4106,
          -1169.5954
        ],
        [
          393953.7191,
          5312762.6006,
          -1169.505
        ],
        [
          394043.8371,
          5312900.1413,
          -1168.5176
        ],
        [
          394135.3766,
          5313039.5651,
          -1167.8777
        ],
        [
          394205.2266,
          5313145.4905,
          -1167.8661
        ],
        [
          394228.9312,
          5313181.1672,
          -1167.9285
        ],
        [
          394245.2027,
          5313205.3425,
          -1167.9294
        ],
        [
          394250.4848,
          5313212.9251,
          -1167.9298
        ],
        [
          394254.0867,
          5313217.7063,
          -1167.9302
        ],
        [
          394258.3074,
          5313221.9692,
          -1167.9313
        ],
        [
          394262.9481,
          5313225.7725,
          -1167.9328
        ],
        [
          394285.8238,
          5313240.0076,
          -1167.9509
        ],
        [
          394356.8862,
          5313283.2435,
          -1168.0039
        ],
        [
          394361.0564,
          5313285.7885,
          -1167.7351
        ]
      ]
    },
    {
      "id": "-MYK-deHJRkKtnr_pAt-",
      "type": "connection",
      "name": "Oil Production #12",
      "attributes": [],
      "simplified": false,
      "profile": [
        [
          394369.2397,
          5313290.5069,
          -1167.7268
        ],
        [
          394374.367,
          5313293.5311,
          -1167.9713
        ],
        [
          394397.326,
          5313307.0351,
          -1167.9285
        ],
        [
          394410.5244,
          5313313.6143,
          -1167.9066
        ],
        [
          394455.1896,
          5313336.5063,
          -1167.9622
        ],
        [
          394475.8171,
          5313346.8434,
          -1167.9883
        ],
        [
          394500.1837,
          5313358.6407,
          -1168.0196
        ],
        [
          394522.0438,
          5313368.6812,
          -1168.0114
        ],
        [
          394534.8996,
          5313374.2561,
          -1167.9988
        ],
        [
          394547.0453,
          5313379.2238,
          -1167.9878
        ],
        [
          394558.0857,
          5313383.4253,
          -1167.9788
        ],
        [
          394572.198,
          5313388.5223,
          -1167.9681
        ],
        [
          394587.3331,
          5313393.7223,
          -1167.9574
        ],
        [
          394602.5475,
          5313398.6787,
          -1167.9474
        ],
        [
          394617.8393,
          5313403.3924,
          -1167.9382
        ],
        [
          394633.2046,
          5313407.8633,
          -1167.9298
        ],
        [
          394650.5729,
          5313412.6017,
          -1167.9132
        ],
        [
          394667.0515,
          5313416.7922,
          -1167.8952
        ],
        [
          394684.5736,
          5313420.9251,
          -1167.8749
        ],
        [
          394701.1884,
          5313424.5384,
          -1167.8528
        ],
        [
          394717.8629,
          5313427.8664,
          -1167.8316
        ],
        [
          394732.5722,
          5313430.533,
          -1167.8138
        ],
        [
          394748.3854,
          5313433.0747,
          -1167.7958
        ],
        [
          394765.2368,
          5313435.4575,
          -1167.7776
        ],
        [
          394783.1204,
          5313437.6637,
          -1167.7594
        ],
        [
          394802.0338,
          5313439.675,
          -1167.7412
        ],
        [
          394821.9725,
          5313441.4704,
          -1167.723
        ],
        [
          394841.9281,
          5313442.9576,
          -1167.7059
        ],
        [
          394862.8644,
          5313444.1999,
          -1167.689
        ],
        [
          394882.8938,
          5313445.0864,
          -1167.6292
        ],
        [
          394903.9785,
          5313445.6836,
          -1167.5598
        ],
        [
          394919.9098,
          5313445.7937,
          -1167.5085
        ],
        [
          394935.7939,
          5313445.3892,
          -1167.4589
        ],
        [
          394954.6376,
          5313444.2822,
          -1167.4022
        ],
        [
          395018.4701,
          5313439.6466,
          -1167.2127
        ],
        [
          395070.8344,
          5313435.3726,
          -1167.0587
        ],
        [
          395095.2894,
          5313433.268,
          -1166.9931
        ],
        [
          395202.8358,
          5313423.6364,
          -1167.2688
        ],
        [
          395393.2496,
          5313405.8768,
          -1167.6986
        ],
        [
          395561.5594,
          5313389.8264,
          -1168.0692
        ],
        [
          395778.1521,
          5313368.9092,
          -1168.5105
        ],
        [
          396006.909,
          5313346.6176,
          -1169.3812
        ],
        [
          396234.7195,
          5313324.2871,
          -1169.6664
        ],
        [
          396462.6827,
          5313301.8585,
          -1169.7586
        ],
        [
          396972.1049,
          5313251.6949,
          -1170.859
        ],
        [
          397100.0568,
          5313239.2515,
          -1171.0364
        ],
        [
          397153.8423,
          5313234.2653,
          -1171.097
        ],
        [
          397158.0145,
          5313234.0677,
          -1171.0908
        ],
        [
          397159.9855,
          5313234.4089,
          -1171.0875
        ],
        [
          397161.8462,
          5313235.134,
          -1171.0841
        ],
        [
          397164.2764,
          5313236.8745,
          -1171.0788
        ],
        [
          397165.5616,
          5313238.4028,
          -1171.0755
        ],
        [
          397166.5175,
          5313240.1561,
          -1171.0725
        ],
        [
          397167.1011,
          5313242.0655,
          -1171.0699
        ],
        [
          397167.303,
          5313244.0497,
          -1171.0679
        ],
        [
          397167.2154,
          5313266.0571,
          -1171.0486
        ],
        [
          397167.2076,
          5313267.9908,
          -1170.6078
        ],
        [
          397167.2,
          5313269.8729,
          -1169.9382
        ]
      ]
    },
    {
      "id": "-MYK-deHJRkKtnr_pAsz",
      "type": "connection",
      "name": "Oil Production #12b",
      "attributes": [],
      "simplified": false,
      "profile": [
        [
          397171.7881,
          5313278.3756,
          -1169.9267
        ],
        [
          397171.8115,
          5313278.6565,
          -1171.0304
        ],
        [
          397206.5055,
          5313694.5279,
          -1170.491
        ],
        [
          397223.0557,
          5313892.9129,
          -1169.9009
        ],
        [
          397223.8684,
          5313902.6546,
          -789.9554
        ],
        [
          397224.234,
          5313907.0365,
          -630.7486
        ],
        [
          397224.5888,
          5313911.2899,
          -484.7184
        ],
        [
          397224.9431,
          5313915.5367,
          -347.814
        ],
        [
          397225.2949,
          5313919.7527,
          -220.9884
        ],
        [
          397225.6469,
          5313923.973,
          -103.1992
        ],
        [
          397226.0027,
          5313928.2377,
          6.5753
        ]
      ]
    }
  ]
}